// Jest Snapshot v1, https://goo.gl/fbAQLP

exports[`Header should match snapshot 1`] = `
<header>
  <Link
    to="/"
  >
    <h1>
      TELL
    </h1>
  </Link>
</header>
`;
