// Jest Snapshot v1, https://goo.gl/fbAQLP

exports[`SuccessPage should match snapshot 1`] = `
<div
  className="SuccessPage"
>
  <h3>
    Messages successfully sent!
  </h3>
  <p>
    Thank you for taking the brave step to share your status with your partner(s).
  </p>
</div>
`;
